// Jest Snapshot v1, https://goo.gl/fbAQLP

exports[`NotFoundPage component should render as expected 1`] = `
<h1>
  Not Found Page
</h1>
`;
